// Jest Snapshot v1, https://goo.gl/fbAQLP

exports[`Users component Users component renders users list correctly 1`] = `
ShallowWrapper {
  "length": 1,
  Symbol(enzyme.__root__): [Circular],
  Symbol(enzyme.__unrendered__): <UsersComponent />,
  Symbol(enzyme.__renderer__): Object {
    "batchedUpdates": [Function],
    "getNode": [Function],
    "render": [Function],
    "simulateEvent": [Function],
    "unmount": [Function],
  },
  Symbol(enzyme.__node__): Object {
    "instance": null,
    "key": undefined,
    "nodeType": "class",
    "props": Object {
      "bsClass": "panel",
      "bsStyle": "default",
      "children": <Row
        bsClass="row"
        componentClass="div"
>
        <p>
                Sorry try a different search!
        </p>
</Row>,
      "defaultExpanded": false,
    },
    "ref": null,
    "rendered": Object {
      "instance": null,
      "key": undefined,
      "nodeType": "class",
      "props": Object {
        "bsClass": "row",
        "children": Array [
          undefined,
          <p>
            Sorry try a different search!
</p>,
        ],
        "componentClass": "div",
      },
      "ref": null,
      "rendered": Array [
        undefined,
        Object {
          "instance": null,
          "key": undefined,
          "nodeType": "host",
          "props": Object {
            "children": "Sorry try a different search!",
          },
          "ref": null,
          "rendered": "Sorry try a different search!",
          "type": "p",
        },
      ],
      "type": [Function],
    },
    "type": [Function],
  },
  Symbol(enzyme.__nodes__): Array [
    Object {
      "instance": null,
      "key": undefined,
      "nodeType": "class",
      "props": Object {
        "bsClass": "panel",
        "bsStyle": "default",
        "children": <Row
          bsClass="row"
          componentClass="div"
>
          <p>
                    Sorry try a different search!
          </p>
</Row>,
        "defaultExpanded": false,
      },
      "ref": null,
      "rendered": Object {
        "instance": null,
        "key": undefined,
        "nodeType": "class",
        "props": Object {
          "bsClass": "row",
          "children": Array [
            undefined,
            <p>
              Sorry try a different search!
</p>,
          ],
          "componentClass": "div",
        },
        "ref": null,
        "rendered": Array [
          undefined,
          Object {
            "instance": null,
            "key": undefined,
            "nodeType": "host",
            "props": Object {
              "children": "Sorry try a different search!",
            },
            "ref": null,
            "rendered": "Sorry try a different search!",
            "type": "p",
          },
        ],
        "type": [Function],
      },
      "type": [Function],
    },
  ],
  Symbol(enzyme.__options__): Object {
    "adapter": ReactSixteenAdapter {
      "options": Object {
        "enableComponentDidUpdateOnSetState": true,
      },
    },
  },
}
`;
